bme280.c:1437:15:null_ptr_check	0	static
bme280.c:409:8:bme280_get_regs	16	static
bme280.c:442:8:bme280_set_regs	48	static
bme280.c:809:15:set_osr_humidity_settings.isra.8	16	static
bme280.c:841:15:set_osr_press_temp_settings	24	static
bme280.c:872:15:set_filter_standby_settings	24	static
bme280.c:554:8:bme280_get_sensor_settings	16	static
bme280.c:610:8:bme280_get_sensor_mode	8	static
bme280.c:631:8:bme280_soft_reset	24	static
bme280.c:357:8:bme280_init	48	static
bme280.c:978:15:put_device_to_sleep	24	static
bme280.c:511:8:bme280_set_sensor_settings	24	static
bme280.c:578:8:bme280_set_sensor_mode	24	static
bme280.c:715:6:bme280_parse_sensor_data	0	static
bme280.c:745:8:bme280_compensate_data	48	static
bme280.c:676:8:bme280_get_sensor_data	40	static
